// Jest Snapshot v1, https://goo.gl/fbAQLP

exports[`HeaderComponent should match snapshot 1`] = `
<app-header
  __ngContext__={[Function LRootView]}
  darkColorMode={[Function Boolean]}
  isMenuVisible="false"
  localStorage={[Function AbstractDataService]}
  setDarkColorMode={[Function EventEmitter_]}
>
  <header
    class="header"
  >
    <div
      class="header__topRow"
    >
      <button
        aria-controls="headerLinks"
        aria-expanded="false"
        aria-label="Menu Toggle"
        class="hamburger"
        type="button"
      >
        <span
          class="hamburger__box"
        >
          <span
            class="hamburger__inner"
          />
        </span>
      </button>
      <a
        aria-label="Navigate to home"
        class="header__siteLogo"
        href="/"
      >
        <span
          class="header__siteLogo__text"
        >
          <app-logo-with-text>
            <svg
              class="svg"
              viewBox="0 0 2000 2000"
              xmlns="http://www.w3.org/2000/svg"
            >
              <path
                d="M302.39 1410.89v42.7h61.43v15.05h-61.43v49.53h-17.5v-122.5h86.45v15.22zM499.93 1518.17l-26.42-37.63c-3.27.24-5.84.35-7.7.35h-30.28v37.28H418v-122.5h47.78q23.79 0 37.45 11.37t13.65 31.33q0 14.18-7 24.15T490 1477l29 41.17zm-9.27-59.33q8.74-7.17 8.75-20.47t-8.75-20.37q-8.76-7.1-25.38-7.09h-29.75V1466h29.75q16.62 0 25.38-7.16zM658.74 1502.94v15.23h-88.9v-122.5h86.45v15.22h-68.95v37.63h61.43v14.87h-61.43v39.55zM739.79 1410.89h-42v-15.22h101.32v15.22h-42v107.28h-17.32zM861 1511.43a60.22 60.22 0 01-23.36-22.49 64.65 64.65 0 010-64A60.29 60.29 0 01861 1402.4a72.43 72.43 0 0166.68 0 59.84 59.84 0 0123.32 22.4 65.59 65.59 0 010 64.23 59.77 59.77 0 01-23.27 22.4 72.35 72.35 0 01-66.68 0zm57.67-13.56a45 45 0 0017-16.89 49.73 49.73 0 000-48.13 44.94 44.94 0 00-17-16.88 48.09 48.09 0 00-24.24-6.13A49 49 0 00870 1416a44.51 44.51 0 00-17.15 16.88 49.66 49.66 0 000 48.13 44.6 44.6 0 0017.15 16.86 49.1 49.1 0 0024.41 6.12 48.19 48.19 0 0024.28-6.12zM1116.21 1395.67v122.5h-14.35l-73.5-91.35v91.35h-17.5v-122.5h14.35l73.5 91.35v-91.35zM1256.49 1487.54h-65.1l-13.48 30.63h-18l55.47-122.5h17.33l55.65 122.5H1270zm-6.13-14l-26.42-60-26.43 60zM1343.06 1410.89h-42v-15.22h101.32v15.22h-42v107.28h-17.32zM1464.3 1511.43a60.17 60.17 0 01-23.37-22.49 64.71 64.71 0 010-64 60.24 60.24 0 0123.37-22.49 72.41 72.41 0 0166.67 0 59.8 59.8 0 0123.28 22.4 65.59 65.59 0 010 64.23 59.73 59.73 0 01-23.28 22.4 72.33 72.33 0 01-66.67 0zm57.66-13.56a45 45 0 0017-16.89 49.66 49.66 0 000-48.13 44.94 44.94 0 00-17-16.88 48.09 48.09 0 00-24.24-6.13 49 49 0 00-24.41 6.13 44.58 44.58 0 00-17.15 16.88 49.73 49.73 0 000 48.13 44.67 44.67 0 0017.15 16.89 49.13 49.13 0 0024.41 6.12 48.19 48.19 0 0024.28-6.12zM1696 1518.17l-26.42-37.63c-3.27.24-5.84.35-7.7.35h-30.28v37.28h-17.5v-122.5h47.78q23.79 0 37.45 11.37t13.65 31.33q0 14.18-7 24.15t-20 14.52l29 41.13zm-9.27-59.33q8.74-7.17 8.75-20.47t-8.75-20.39q-8.76-7.1-25.38-7.09h-29.75V1466h29.75q16.65 0 25.41-7.16zM1080.78 1060.28L1134 968a14.91 14.91 0 002-7.49V487.93a7.5 7.5 0 00-7.5-7.5h-54.18a7.5 7.5 0 00-7.5 7.5v568.61a7.5 7.5 0 0013.96 3.74zM1229.85 480.43h-54.19a7.5 7.5 0 00-7.5 7.5v392.72a7.5 7.5 0 0014 3.75l53.18-92.27a15 15 0 002-7.49V487.93a7.5 7.5 0 00-7.49-7.5zM925.71 480.43h-54.18a7.5 7.5 0 00-7.5 7.5v472.59a14.91 14.91 0 002 7.49l53.18 92.27a7.5 7.5 0 0014-3.74V487.93a7.5 7.5 0 00-7.5-7.5zM1363.08 480.43h-86a7.5 7.5 0 00-7.5 7.5v216.84a7.5 7.5 0 0014 3.74l105.53-183.09a30 30 0 00-26.03-44.99zM764.66 792.13l53.18 92.27a7.5 7.5 0 0014-3.75V487.93a7.5 7.5 0 00-7.5-7.5h-54.19a7.5 7.5 0 00-7.5 7.5v296.71a15 15 0 002.01 7.49zM1027.09 480.43h-54.18a7.5 7.5 0 00-7.5 7.5v648.48a15 15 0 002 7.49l6.6 11.44a30 30 0 0052 0l6.6-11.44a15 15 0 002-7.49V487.93a7.5 7.5 0 00-7.52-7.5zM730.46 487.93a7.5 7.5 0 00-7.5-7.5h-86a30 30 0 00-26 45l105.5 183.08a7.5 7.5 0 0014-3.74z"
              />
            </svg>
          </app-logo-with-text>
        </span>
        <span
          class="header__siteLogo__noText"
        >
          <app-logo-no-text>
            <svg
              class="svg"
              viewBox="0 0 1162.3 1162.3"
              xmlns="http://www.w3.org/2000/svg"
            >
              <path
                d="M661.9 836l53.2-92.3c1.3-2.3 2-4.9 2-7.5V263.7c0-4.1-3.4-7.5-7.5-7.5h-54.2c-4.1 0-7.5 3.4-7.5 7.5v568.6c0 4.1 3.4 7.5 7.6 7.4 2.6 0 5-1.4 6.4-3.7zM811 256.2h-54.2c-4.1 0-7.5 3.4-7.5 7.5v392.7c0 4.1 3.3 7.5 7.5 7.5 2.7 0 5.2-1.4 6.5-3.8l53.2-92.3c1.3-2.3 2-4.9 2-7.5V263.7c-.1-4.2-3.4-7.5-7.5-7.5zM506.8 256.2h-54.2c-4.1 0-7.5 3.4-7.5 7.5v472.6c0 2.6.7 5.2 2 7.5l53.2 92.3c2.1 3.6 6.7 4.8 10.2 2.8 2.3-1.3 3.8-3.8 3.8-6.5V263.7c0-4.2-3.3-7.5-7.5-7.5zM944.2 256.2h-86c-4.1 0-7.5 3.4-7.5 7.5v216.8c0 4.1 3.4 7.5 7.5 7.5 2.7 0 5.2-1.4 6.5-3.8l105.5-183.1c8.3-14.4 3.4-32.7-11-41-4.6-2.6-9.7-3.9-15-3.9zM345.8 567.9l53.2 92.3c2.1 3.6 6.7 4.8 10.2 2.8 2.3-1.3 3.8-3.8 3.8-6.5V263.7c0-4.1-3.4-7.5-7.5-7.5h-54.2c-4.1 0-7.5 3.4-7.5 7.5v296.7c0 2.6.6 5.2 2 7.5zM608.2 256.2H554c-4.1 0-7.5 3.4-7.5 7.5v648.5c0 2.6.7 5.2 2 7.5l6.6 11.4c8.3 14.4 26.6 19.3 41 11 4.6-2.6 8.4-6.4 11-11l6.6-11.4c1.3-2.3 2-4.9 2-7.5V263.7c0-4.2-3.3-7.5-7.5-7.5zM311.6 263.7c0-4.1-3.4-7.5-7.5-7.5h-86c-16.6 0-30 13.4-30 30 0 5.3 1.4 10.5 4 15l105.5 183.1c2.1 3.6 6.7 4.8 10.2 2.8 2.3-1.3 3.8-3.8 3.8-6.5V263.7z"
              />
            </svg>
          </app-logo-no-text>
        </span>
      </a>
      <div
        class="toggle__container"
      >
        <button
          aria-label="Toggle dark/light mode"
          class="theme__toggle isDark"
        >
          <app-moon-svg>
            <svg
              class="svg"
              viewBox="0 0 512 512"
              xmlns="http://www.w3.org/2000/svg"
            >
              <path
                d="M279.135 512c78.756 0 150.982-35.804 198.844-94.775 28.27-34.831-2.558-85.722-46.249-77.401-82.348 15.683-158.272-47.268-158.272-130.792 0-48.424 26.06-92.292 67.434-115.836 38.745-22.05 28.999-80.788-15.022-88.919A257.936 257.936 0 0 0 279.135 0c-141.36 0-256 114.575-256 256 0 141.36 114.576 256 256 256zm0-464c12.985 0 25.689 1.201 38.016 3.478-54.76 31.163-91.693 90.042-91.693 157.554 0 113.848 103.641 199.2 215.252 177.944C402.574 433.964 344.366 464 279.135 464c-114.875 0-208-93.125-208-208s93.125-208 208-208z"
              />
            </svg>
          </app-moon-svg>
        </button>
      </div>
    </div>
    <ul
      aria-expanded="false"
      class="header__links header__links--hide"
      id="headerLinks"
    >
      <li
        class="header__linksItem"
      >
        <a
          class="header__linksItemLink"
          href="/"
          routerlinkactive="header__linksItemLink--active"
        >
          Home
        </a>
      </li>
      <li
        class="header__linksItem"
      >
        <a
          class="header__linksItemLink"
          href="/learn"
          routerlinkactive="header__linksItemLink--active"
        >
          Learn
        </a>
      </li>
      <li
        class="header__linksItem"
      >
        <a
          class="header__linksItemLink"
          href="/about"
          routerlinkactive="header__linksItemLink--active"
        >
          About
        </a>
      </li>
      <li
        class="header__linksItem"
      >
        <a
          class="header__linksItemLink"
          href="/contact"
          routerlinkactive="header__linksItemLink--active"
        >
          Contact
        </a>
      </li>
    </ul>
  </header>
</app-header>
`;
