// Jest Snapshot v1, https://goo.gl/fbAQLP

exports[`ChipsComponent should match the snapshot 1`] = `
<app-chips-spec
  Mode={[Function Object]}
  __ngContext__={[Function LRootView]}
  selectedColor={[Function String]}
>
  <app-chips>
    <div
      class="chips"
    >
      <app-chip>
        <a
          aria-label="A Ionian (Major)"
          class="chip"
          href="/a/natural/ionian"
        >
          One 
        </a>
      </app-chip>
      <app-chip>
        <a
          aria-label="B flat Mixolydian"
          class="chip chip--round"
          href="/b/flat/mixolydian"
        >
          Two 
        </a>
      </app-chip>
      <app-chip>
        <a
          aria-label="F sharp Minor Pentatonic"
          class="chip"
          href="/f/sharp/minorPentatonic"
        >
          Two 
        </a>
      </app-chip>
    </div>
  </app-chips>
</app-chips-spec>
`;
